// Jest Snapshot v1, https://goo.gl/fbAQLP

exports[`<Header /> should match render snapshot 1`] = `
<div
  className="Header-root-1"
>
  <header
    className="MuiPaper-root-13 MuiPaper-elevation4-19 MuiAppBar-root-4 MuiAppBar-positionStatic-8 MuiAppBar-colorPrimary-11 Header-appBar-2"
  >
    <div
      className="MuiToolbar-root-40 MuiToolbar-regular-42 MuiToolbar-gutters-41 Header-toolBar-3"
    >
      <div
        className="Logo-container-44"
      >
        <a
          href="/"
        >
          <img
            alt="Company Logo"
            src="images/logo.png"
          />
        </a>
      </div>
    </div>
  </header>
</div>
`;
