// Jest Snapshot v1, https://goo.gl/fbAQLP

exports[`<App /> matches render snapshot 1`] = `
<div>
  <header
    className="MuiPaper-root-12 MuiPaper-elevation4-18 MuiAppBar-root-3 MuiAppBar-positionStatic-7 MuiAppBar-colorPrimary-10 MenuBar-appBar-1"
  >
    <div
      className="MuiToolbar-root-39 MuiToolbar-regular-41 MuiToolbar-gutters-40 MenuBar-toolBar-2"
    >
      <div
        className="menubar-container menubar-left"
      >
        <a
          href="/"
        >
          <img
            alt="Company Logo"
            src="images/logo.png"
          />
        </a>
      </div>
      <nav
        className="menubar-container menubar-middle"
      >
        <a
          aria-current="page"
          className="NavBar-selected-43"
          href="/"
          onClick={[Function]}
          style={Object {}}
        >
          HOME
        </a>
        <a
          aria-current={null}
          href="/#contact"
          onClick={[Function]}
        >
          CONTACT
        </a>
        <a
          aria-current={null}
          href="/privacy-policy"
          onClick={[Function]}
        >
          PRIVACY
        </a>
      </nav>
      <div
        className="menubar-container menubar-right icon-buttons"
      >
        <a
          href="mailto:info@eatdrinkhealthy.co"
        >
          <span
            className="fa-stack fa-lg"
          >
            <i
              className="fa fa-circle fa-stack-2x"
            />
            <i
              className="fa fa-envelope fa-stack-1x fa-inverse"
            />
          </span>
        </a>
        <a
          href="https://www.linkedin.com/company/16173480/"
          rel="noopener noreferrer"
          target="_blank"
        >
          <span
            className="fa-stack fa-lg"
          >
            <i
              className="fa fa-circle fa-stack-2x"
            />
            <i
              className="fab fa-linkedin fa-stack-1x fa-inverse"
            />
          </span>
        </a>
      </div>
    </div>
  </header>
  <div>
    <section
      className="banner-container"
    >
      <div
        className="banner-headline"
      >
        A platform to find, share, and discuss healthy places to shop and eat.
      </div>
      <a
        className="MuiButtonBase-root-71 MuiButton-root-45 MuiButton-fab-62 MuiButton-extendedFab-63 MuiButton-contained-56 MuiButton-containedPrimary-57 MuiButton-raised-59 MuiButton-raisedPrimary-60 Banner-bannerButton-44"
        href="https://app.eatdrinkhealthy.co/"
        onBlur={[Function]}
        onFocus={[Function]}
        onKeyDown={[Function]}
        onKeyUp={[Function]}
        onMouseDown={[Function]}
        onMouseLeave={[Function]}
        onMouseUp={[Function]}
        onTouchEnd={[Function]}
        onTouchMove={[Function]}
        onTouchStart={[Function]}
        rel="noopener noreferrer"
        role="button"
        tabIndex="0"
        target="_blank"
      >
        <span
          className="MuiButton-label-46"
        >
          Web App
        </span>
        <span
          className="MuiTouchRipple-root-174"
        />
      </a>
    </section>
    <div
      className="ContactSection-container-74"
      id="contact"
    >
      <div
        className="MuiGrid-container-76 MuiGrid-spacing-xs-24-100"
      >
        <div
          className="MuiGrid-item-77 MuiGrid-grid-xs-12-116 MuiGrid-grid-md-6-138"
        >
          <img
            alt="Mobile Phone Device"
            className="ContactSection-responsive-75"
            src="images/device.png"
          />
        </div>
        <div
          className="MuiGrid-item-77 MuiGrid-grid-xs-12-116 MuiGrid-grid-md-6-138"
        >
          <div
            className="ContactForm-form-173"
          >
            Contact Form
          </div>
        </div>
      </div>
    </div>
  </div>
  <footer
    className="footer-container"
  >
    <img
      alt="Componay Logo"
      src="images/carrot_icon.png"
    />
    <span>
      Copyright 2018 Eat. Drink. Healthy.
    </span>
    <span>
      All rights reserved.
    </span>
  </footer>
</div>
`;
