// Jest Snapshot v1, https://goo.gl/fbAQLP

exports[`<App /> matches render snapshot 1`] = `
<div>
  <header
    className="MuiPaper-root-12 MuiPaper-elevation4-18 MuiAppBar-root-3 MuiAppBar-positionStatic-7 MuiAppBar-colorPrimary-10 MenuBar-appBar-1"
  >
    <div
      className="MuiToolbar-root-39 MuiToolbar-regular-41 MuiToolbar-gutters-40 MenuBar-toolBar-2"
    >
      <div
        className="menubar-container menubar-left"
      >
        <a
          href="/"
        >
          <img
            alt="Company Logo"
            src="images/logo.png"
          />
        </a>
      </div>
      <nav
        className="menubar-container menubar-middle"
      >
        <a
          aria-current="page"
          className="NavBar-selected-43"
          href="/"
          onClick={[Function]}
          style={Object {}}
        >
          HOME
        </a>
        <a
          aria-current={null}
          href="/#contact"
          onClick={[Function]}
        >
          CONTACT
        </a>
        <a
          aria-current={null}
          href="/privacy-policy"
          onClick={[Function]}
        >
          PRIVACY
        </a>
      </nav>
      <div
        className="menubar-container menubar-right icon-buttons"
      >
        <a
          href="mailto:info@eatdrinkhealthy.co"
        >
          <span
            className="fa-stack fa-lg"
          >
            <i
              className="fa fa-circle fa-stack-2x"
            />
            <i
              className="fa fa-envelope fa-stack-1x fa-inverse"
            />
          </span>
        </a>
        <a
          href="https://www.linkedin.com/company/16173480/"
          rel="noopener noreferrer"
          target="_blank"
        >
          <span
            className="fa-stack fa-lg"
          >
            <i
              className="fa fa-circle fa-stack-2x"
            />
            <i
              className="fab fa-linkedin fa-stack-1x fa-inverse"
            />
          </span>
        </a>
      </div>
    </div>
  </header>
  <div>
    <header
      className="app-header"
    >
      <section
        className="app-header__banner"
      >
        <div
          className="app-header__banner-content-wrapper"
        >
          <div
            className="row"
          >
            <div
              className="column medium-8 large-7"
            >
              <div
                className="app-header__banner-headline"
              >
                A platform to find, share, and discuss healthy places to shop and eat.
              </div>
              <div
                className="app-header__banner-buttons"
              >
                <a
                  className="button button--wep-app"
                  href="https://app.eatdrinkhealthy.co/"
                  rel="noopener noreferrer"
                  target="_blank"
                >
                  <span>
                    Web App
                  </span>
                </a>
              </div>
            </div>
          </div>
        </div>
      </section>
    </header>
    <div
      className="Content-section-44"
      id="contact"
    >
      Contact
    </div>
  </div>
  <footer
    className="footer-container"
  >
    <img
      alt="Componay Logo"
      src="images/carrot_icon.png"
    />
    <span>
      Copyright 2018 Eat. Drink. Healthy.
    </span>
    <span>
      All rights reserved.
    </span>
  </footer>
</div>
`;
