// Jest Snapshot v1, https://goo.gl/fbAQLP

exports[`<App /> matches render snapshot 1`] = `
<div>
  <header
    className="MuiPaper-root-12 MuiPaper-elevation4-18 MuiAppBar-root-3 MuiAppBar-positionStatic-7 MuiAppBar-colorPrimary-10 MenuBar-appBar-1"
  >
    <div
      className="MuiToolbar-root-39 MuiToolbar-regular-41 MuiToolbar-gutters-40 MenuBar-toolBar-2"
    >
      <div
        className="menubar-container menubar-left"
      >
        <a
          href="/"
        >
          <img
            alt="Company Logo"
            src="images/logo.png"
          />
        </a>
      </div>
      <nav
        className="menubar-container menubar-middle"
      >
        <a
          aria-current="page"
          className="NavBar-selected-43"
          href="/"
          onClick={[Function]}
          style={Object {}}
        >
          HOME
        </a>
        <a
          aria-current={null}
          href="/#contact"
          onClick={[Function]}
        >
          CONTACT
        </a>
        <a
          aria-current={null}
          href="/privacy-policy"
          onClick={[Function]}
        >
          PRIVACY
        </a>
      </nav>
      <div
        className="menubar-container menubar-right icon-buttons"
      >
        <a
          href="mailto:info@eatdrinkhealthy.co"
        >
          <span
            className="fa-stack fa-lg"
          >
            <i
              className="fa fa-circle fa-stack-2x"
            />
            <i
              className="fa fa-envelope fa-stack-1x fa-inverse"
            />
          </span>
        </a>
        <a
          href="https://www.linkedin.com/company/16173480/"
          rel="noopener noreferrer"
          target="_blank"
        >
          <span
            className="fa-stack fa-lg"
          >
            <i
              className="fa fa-circle fa-stack-2x"
            />
            <i
              className="fab fa-linkedin fa-stack-1x fa-inverse"
            />
          </span>
        </a>
      </div>
    </div>
  </header>
  <div>
    <section
      className="banner-container"
    >
      <div
        className="banner-headline"
      >
        A platform to find, share, and discuss healthy places to shop and eat.
      </div>
      <a
        className="MuiButtonBase-root-71 MuiButton-root-45 MuiButton-fab-62 MuiButton-extendedFab-63 MuiButton-contained-56 MuiButton-containedPrimary-57 MuiButton-raised-59 MuiButton-raisedPrimary-60 Banner-bannerButton-44"
        href="https://app.eatdrinkhealthy.co/"
        onBlur={[Function]}
        onFocus={[Function]}
        onKeyDown={[Function]}
        onKeyUp={[Function]}
        onMouseDown={[Function]}
        onMouseLeave={[Function]}
        onMouseUp={[Function]}
        onTouchEnd={[Function]}
        onTouchMove={[Function]}
        onTouchStart={[Function]}
        rel="noopener noreferrer"
        role="button"
        tabIndex="0"
        target="_blank"
      >
        <span
          className="MuiButton-label-46"
        >
          Web App
        </span>
        <span
          className="MuiTouchRipple-root-263"
        />
      </a>
    </section>
    <div
      className="MuiGrid-container-76 MuiGrid-spacing-xs-40-102 ContactSection-container-74"
    >
      <div
        className="MuiGrid-item-77 MuiGrid-grid-xs-12-116 MuiGrid-grid-md-6-138"
      >
        <img
          alt="Mobile Phone Device"
          className="ContactSection-responsive-75"
          src="images/device.png"
        />
      </div>
      <div
        className="MuiGrid-item-77 MuiGrid-grid-xs-12-116 MuiGrid-grid-md-6-138"
      >
        <div>
          <h4
            className="MuiTypography-root-174 MuiTypography-h4-189 MuiTypography-colorPrimary-204"
          >
            Contact Us
          </h4>
          <form
            id="contactForm"
            onSubmit={[Function]}
          >
            <div
              className="MuiFormControl-root-209 MuiFormControl-fullWidth-212"
              onDragStart={[Function]}
              onDrop={[Function]}
              style={
                Object {
                  "margin": "10px 0 10px 0",
                }
              }
            >
              <label
                className="MuiFormLabel-root-224 MuiInputLabel-root-213 MuiInputLabel-formControl-218 MuiInputLabel-animated-221 MuiInputLabel-outlined-223"
                data-shrink={false}
              >
                Name
              </label>
              <div
                className="MuiInputBase-root-244 MuiOutlinedInput-root-231 MuiInputBase-fullWidth-253 MuiInputBase-formControl-245"
                onClick={[Function]}
              >
                <fieldset
                  aria-hidden={true}
                  className="MuiPrivateNotchedOutline-root-261 MuiOutlinedInput-notchedOutline-238"
                  style={
                    Object {
                      "paddingLeft": 8,
                    }
                  }
                >
                  <legend
                    className="MuiPrivateNotchedOutline-legend-262"
                    style={
                      Object {
                        "width": 0.01,
                      }
                    }
                  >
                    <span
                      dangerouslySetInnerHTML={
                        Object {
                          "__html": "&#8203;",
                        }
                      }
                    />
                  </legend>
                </fieldset>
                <input
                  aria-invalid={false}
                  className="MuiInputBase-input-254 MuiOutlinedInput-input-239"
                  disabled={false}
                  name="contactName"
                  onBlur={[Function]}
                  onChange={[Function]}
                  onFocus={[Function]}
                  required={false}
                  type="text"
                  value=""
                />
              </div>
            </div>
            <div
              className="MuiFormControl-root-209 MuiFormControl-fullWidth-212"
              onDragStart={[Function]}
              onDrop={[Function]}
              style={
                Object {
                  "margin": "10px 0 10px 0",
                }
              }
            >
              <label
                className="MuiFormLabel-root-224 MuiInputLabel-root-213 MuiInputLabel-formControl-218 MuiInputLabel-animated-221 MuiInputLabel-outlined-223"
                data-shrink={false}
              >
                Email
              </label>
              <div
                className="MuiInputBase-root-244 MuiOutlinedInput-root-231 MuiInputBase-fullWidth-253 MuiInputBase-formControl-245"
                onClick={[Function]}
              >
                <fieldset
                  aria-hidden={true}
                  className="MuiPrivateNotchedOutline-root-261 MuiOutlinedInput-notchedOutline-238"
                  style={
                    Object {
                      "paddingLeft": 8,
                    }
                  }
                >
                  <legend
                    className="MuiPrivateNotchedOutline-legend-262"
                    style={
                      Object {
                        "width": 0.01,
                      }
                    }
                  >
                    <span
                      dangerouslySetInnerHTML={
                        Object {
                          "__html": "&#8203;",
                        }
                      }
                    />
                  </legend>
                </fieldset>
                <input
                  aria-invalid={false}
                  className="MuiInputBase-input-254 MuiOutlinedInput-input-239 MuiInputBase-inputType-257"
                  disabled={false}
                  name="contactEmail"
                  onBlur={[Function]}
                  onChange={[Function]}
                  onFocus={[Function]}
                  required={false}
                  type="email"
                  value=""
                />
              </div>
            </div>
            <div
              className="MuiFormControl-root-209 MuiFormControl-fullWidth-212"
              onDragStart={[Function]}
              onDrop={[Function]}
              style={
                Object {
                  "margin": "10px 0 10px 0",
                }
              }
            >
              <label
                className="MuiFormLabel-root-224 MuiInputLabel-root-213 MuiInputLabel-formControl-218 MuiInputLabel-animated-221 MuiInputLabel-outlined-223"
                data-shrink={false}
              >
                Message
              </label>
              <div
                className="MuiInputBase-root-244 MuiOutlinedInput-root-231 MuiInputBase-fullWidth-253 MuiInputBase-formControl-245 MuiInputBase-multiline-252 MuiOutlinedInput-multiline-237"
                onClick={[Function]}
              >
                <fieldset
                  aria-hidden={true}
                  className="MuiPrivateNotchedOutline-root-261 MuiOutlinedInput-notchedOutline-238"
                  style={
                    Object {
                      "paddingLeft": 8,
                    }
                  }
                >
                  <legend
                    className="MuiPrivateNotchedOutline-legend-262"
                    style={
                      Object {
                        "width": 0.01,
                      }
                    }
                  >
                    <span
                      dangerouslySetInnerHTML={
                        Object {
                          "__html": "&#8203;",
                        }
                      }
                    />
                  </legend>
                </fieldset>
                <textarea
                  aria-invalid={false}
                  className="MuiInputBase-input-254 MuiOutlinedInput-input-239 MuiInputBase-inputMultiline-256 MuiOutlinedInput-inputMultiline-241"
                  disabled={false}
                  name="contactMessage"
                  onBlur={[Function]}
                  onChange={[Function]}
                  onFocus={[Function]}
                  required={false}
                  rows={10}
                  value=""
                />
              </div>
            </div>
            <button
              className="MuiButtonBase-root-71 MuiButton-root-45 MuiButton-fab-62 MuiButton-extendedFab-63 MuiButton-contained-56 MuiButton-containedPrimary-57 MuiButton-raised-59 MuiButton-raisedPrimary-60 MuiButton-sizeLarge-69 ContactFormComponent-formButton-173"
              disabled={false}
              id="contactSubmit"
              onBlur={[Function]}
              onFocus={[Function]}
              onKeyDown={[Function]}
              onKeyUp={[Function]}
              onMouseDown={[Function]}
              onMouseLeave={[Function]}
              onMouseUp={[Function]}
              onTouchEnd={[Function]}
              onTouchMove={[Function]}
              onTouchStart={[Function]}
              tabIndex="0"
              type="submit"
            >
              <span
                className="MuiButton-label-46"
              >
                Send
              </span>
              <span
                className="MuiTouchRipple-root-263"
              />
            </button>
          </form>
        </div>
      </div>
    </div>
  </div>
  <footer
    className="footer-container"
  >
    <img
      alt="Componay Logo"
      src="images/carrot_icon.png"
    />
    <span>
      Copyright 2018 Eat. Drink. Healthy.
    </span>
    <span>
      All rights reserved.
    </span>
  </footer>
</div>
`;
