// Jest Snapshot v1, https://goo.gl/fbAQLP

exports[`<Content /> should match render snapshot 1`] = `
<div>
  <header
    className="app-header"
  >
    <section
      className="app-header__banner"
    >
      <div
        className="app-header__banner-content-wrapper"
      >
        <div
          className="row"
        >
          <div
            className="column medium-8 large-7"
          >
            <div
              className="app-header__banner-headline"
            >
              A platform to find, share, and discuss healthy places to shop and eat.
            </div>
            <div
              className="app-header__banner-buttons"
            >
              <a
                className="button button--wep-app"
                href="https://app.eatdrinkhealthy.co/"
                rel="noopener noreferrer"
                target="_blank"
              >
                <span>
                  Web App
                </span>
              </a>
            </div>
          </div>
        </div>
      </div>
    </section>
  </header>
  <div
    className="Content-section-1"
    id="contact"
  >
    Contact
  </div>
</div>
`;
